// Jest Snapshot v1, https://goo.gl/fbAQLP

exports[`Evaluando el componente <AddCategory /> Debe hacer Match con el snapshot 1`] = `
<div>
  <form
    aria-label="form"
  >
    <input
      placeholder="Buscar Gifs"
      type="text"
      value=""
    />
  </form>
</div>
`;
